[m[1;36m²Ä¤@¹õ¡@¥X¥Í[m
               [37m.[m                   [37m.........[m
               [37m...[m               [37m.....[m
                 [37m..[m              [37m.[m
                [37m..[m [36m¤W®ü[m           [37m..[m        [1;33m¢Ö¢Ö¢Ö¢Ö¢Ö¢Ö¢Ö¢Ö[m
                 [37m..[m              [37m..[m
        [36m·Å¦{[m    [37m...[m             [37m..[m
               [37m..[m             [37m..[m
              [37m..[m          [37m.....[36m¨ºÅQ[m                       [1;34m¤j®a½ä¡G¥_Âà[m
            [37m..[m  [1;32m###[36m¥x¥_[m [37m...[m                          [37m^[m [36m²¸ÁD®q[m
         [37m...[m   [1;32m####[m [37m....[36m¥Û«®[m                                      [1;34m¡ô[m
    [37m......[m     [1;32m###[m
[37m.....[m          [1;32m##[m                                                 [1;34m¡ô[m

                                                                  [1;34m¡ô[m
                [37m..[36m§f§º[m
                  [37m..[m                                                [1;36mo[m
                   [37m.[m

[1;33mùþ[1;30m-------  ²Ä1¹õ/8  1-3 ------------------------------------------------------[m
[1;37mµP®à¤W¡A¦h¼Æ¤H©ã¨e¥_Âà¡X¡X¬Æ¦Ü¥i¯àÀ¿¹L¤é¥»¡C[m
[1;37m[m
[1;30m®ð¶H¡G·í®É¶°¦X¹w³ø°¾¥_ªº¦¨­û½T¹ê¤£¤Ö¡C[m


