[m               [37m.[m                   [37m.........[m
               [37m...[m               [37m.....[m
                 [37m..[m              [37m.[m
                [37m..[m [36m¤W®ü[m           [37m..[m    [1;33m¢Ö¢Ö¢Ö¢Ö¢Ö¢Ö¢Ö¢Ö¢Ö¢Ö[m
                 [37m..[m              [37m..[m
        [36m·Å¦{[m    [37m...[m             [37m..[m
               [37m..[m             [37m..[m
              [37m..[m          [37m.....[36m¨ºÅQ[m
            [37m..[m  [1;32m###[36m¥x¥_[m [37m...[m                          [37m^[m [36m²¸ÁD®q[m
         [37m...[m   [1;32m####[m [37m....[36m¥Û«®[m
    [37m......[m     [1;32m###[m
[37m.....[m          [1;32m##[m
                                                            [1;36m­·²´§Î¦¨[m
                                                            [33m*******[m
                [37m..[36m§f§º[m                                      [33m*[m [1;5;36m¡·[m  [33m*[m
                  [37m..[m                                        [33m*******[m [1;37mo[m
                   [37m.[m                                                      [1;37mo[m
[1;33mùþùþ[1;30m------[1;36m  ²Ä¤G¹õ¡@ªø¤Ó§Ö¤F  2-1 [1;30m--------------------------------------------[m
[1;37mµ¥µ¥¡A¨e«ç»ò¬ðµMªø³o»ò§Ö¡H[m
[1;37m[m
[1;30m®ð¶H¡G««ª½­·¤Á´î®z¡B°ª¼h¿ç´²¨}¦n¡A¶i¤J§Ö³t¼W±j¡F°w¤Õ­·²´§Î¦¨¡C[m



