[m[1;36m²Ä¥|¹õ¡@¶}©l®ü³b¸õ[m

[1;36m                     ---- Âù ²´ Àð ¯S ¼g ----[m

                   ,,,,,,,,,,,,,,,,,,,,,,,,,,,,
                ,,,,                        ,,,,
              ,,,      ....................      ,,,
             ,,      ...                  ...      ,,
            ,,     ..        ¡·¥×¡·        ..     ,,
             ,,      ...                  ...      ,,
              ,,,      ....................      ,,,
                ,,,,                        ,,,,
                   ,,,,,,,,,,,,,,,,,,,,,,,,,,,,

[1;36m         ¤º²´Àð¡]....¡^¡×­ì¥»ªº²´¡@¡@¥~²´Àð¡],,,,¡^¡×·sªø¥X¨Óªº²´[m

[1;33m           ¥~²´Àð§â¤º²´Àðªº¤ô®ð¦Y±¼ ¡÷ ±j«×¥ý±¼ ¡÷ ¦A¦Û¤v­«¾ã¦^¨Ó[m


[1;33mùþùþùþùþ[1;30m----  ²Ä4¹õ/8  4-1 ---------------------------------------------------[m
[1;37m´«²´¤F¡C«ç»ò¤S­«¾ã¤F¡H[m
[1;37m¥Õ®ü³b¡G¡]Ãa±¼¤F¡A­«²Õ¤¤¡^[m
[1;30m®ð¶H¡G²´Àð¸m´«´`Àô¡X¡X¥~²´Àð¦Y±¼¤º²´Àð¡A±j«×¥ý±¼¦A­«¾ã¡A¨Ó¤F¦n´X¦¸¡C[m


