[m[1;36m²Ä¥|¹õ¡@¶}©l®ü³b¸õ[m

            [1;33m¥D ¸ô ®| ¡] ¥­ §¡ ²¾ °Ê ¡^ ¡× ¯u ¥¿ ªº ¾É ¤Þ ¤è ¦V[m

    [1;37m¦è ¡ö¢w¢w¢w¢w¢w¢w¢w¢w¢w¢w¢w¢w¢w¢w¢w¢w¢w¢w¢w¢w¢w¢w¢w¢w¢w¢w¢w¢w¢w ªF[m

            [1;36m¹ê »Ú ¤¤ ¤ß ¡] ¨C 3 ¤p ®É ©w ¦ì ¡^ ¡× ¤@ ¸ô ¦b ®Ì[m

              [1;5;36m¡·[37m.[m                 [1;5;36m¡·[37m.[m                 [1;5;36m¡·[37m.[m
            [37m..[m   [37m..[m             [37m..[m   [37m..[m             [37m..[m   [37m..[m
           [37m.[m       [37m.[m           [37m.[m       [37m.[m           [37m.[m       [37m.[m
          [1;37mo[m         [1;37mo[m         [1;37mo[m         [1;37mo[m         [1;37mo[m         [1;37mo[m         [1;37mo[m
                     [37m.[m       [37m.[m           [37m.[m       [37m.[m           [37m.[m       [37m.[m
                      [37m..[m   [37m..[m             [37m..[m   [37m..[m             [37m..[m   [37m..[m
                        [37m.[1;37mo[37m.[m                 [37m.[1;37mo[37m.[m                 [37m.[1;37mo[37m.[m

          [1;5;33m¸õ¡I[m                [1;5;33m¤S¸õ¡H[m              [1;30m¡]µ¥µ¥ÁÙ¦³²Ä¤T¦¸¡^[m
    [1;30m¤W¤UÂ\°Ê¡×Âù²´Àð³y¦¨ªºÂ\½u¹B°Ê¡@¡@¥ª¥k«e¶i¡×¯u¥¿ªº¾É¤Þ¤è¦V[m
    [1;30m¨â¥ó¨Æ­n¤À¶}¬Ý¡G®Ìªº¬O¤¤¤ß¡A¨«ªº¬O¥D­y¹D¡C[m
[1;33mùþùþùþùþ[1;30m----  ²Ä4¹õ/8  4-4 ---------------------------------------------------[m
[1;37m®ð¶H¤H¥s¥¦Â\½u¡F¶m¥Á¥s¥¦®ü³b¸õ¡C[m
[1;37m[m
[1;30m®ð¶H¡GÂù²´Àðµ²ºc³y¦¨©úÅãÂ\½u¹B°Ê¡Aµu®É¶¡¤W¤UÂ\°Ê¤£µ¥©ó¥¿¦¡Âà¦V¡C[m


