[m[1;36m²Ä¤­¹õ¡@¥_¤è¯uªº¶}ªù¤F[m
               [37m.[m                   [37m.........[m
               [37m...[m               [37m.....[m
                 [37m..[m              [37m.[m        [1;5;34m¥_¤è¯Ê¤f[m
                [37m..[m [36m¤W®ü[m   [1;33m¢Ö¢Ö¢Ö¢Ö¢Ö¢Ö¢Ö[m          [1;33m¢Ö¢Ö¢Ö¢Ö¢Ö¢Ö[m
                 [37m..[m              [37m..[m         [1;34m¡ô[m
        [36m·Å¦{[m    [37m...[m             [37m..[m          [1;34m¡ô[m
               [37m..[m             [37m..[m       [1;5;36m¡·[m   [1;34m¡ô[m
              [37m..[m          [37m.....[36m¨ºÅQ[m     [1;37mo[1;5;33m¡ù[m
            [37m..[m  [1;32m###[36m¥x¥_[m [37m...[m                   [1;37mo[m      [37m^[m [36m²¸ÁD®q[m
         [37m...[m   [1;32m####[m [37m....[36m¥Û«®[m               [1;37mo[m
    [37m......[m     [1;32m###[m
[37m.....[m          [1;32m##[m                                [1;37mo[m   [1;37mo[m
                                                         [1;37mo[m

                [37m..[36m§f§º[m                                         [1;37mo[m
                  [37m..[m                                                [1;37mo[m
                   [37m.[m                                                      [1;37mo[m

[1;33mùþùþùþùþùþ[1;30m---  ²Ä5¹õ/8  5-3 --------------------------------------------------[m
[1;37m¨e¡K¡K¯uªº©¹¥_©ï¤F¤@®æ¡C[m
[1;33m¥D¼½¡G¡u¥Õ®ü³b©ïÀY¤F¡I¡v[m
[1;30m®ð¶H¡G°ªÀ£Â_µõ³B±`¦¨¬°¥_Â¼³q¹D¡A¦¹®É¥_Âà­·ÀI½T¹ê¤É°ª¡C[m


