[m[1;36m²Ä¤K¹õ¡@¤@¸ô¸õµÛ©¹¦è[m
               [37m.[m                   [37m.........[m
               [37m...[m               [37m.....[m      [1;31m´Â®ý¦¿ªu®ü«e¶i[m
                 [37m..[m              [37m.[m
              [33m**[37m..[33m*[36m¤W®ü[m           [37m..[m
            [33m**[m   [37m..[m  [33m**[m          [37m..[m
        [1;5;31m·Å¦{[33m*[m   [1;5;36m¡·[37m.[m [1;37mo[m [33m*[m         [37m..[m
            [33m**[m [37m..[m    [33m**[1;37mo[m    [1;37mo[m [37m..[m [1;37mo[m
              [37m..[33m*[m [33m***[m     [37m.....[36m¨ºÅQ[m     [1;37mo[m
            [37m..[m  [1;32m###[36m¥x¥_[m [37m...[m          [1;37mo[m        [1;37mo[m      [37m^[m [36m²¸ÁD®q[m
         [37m...[m   [1;32m####[m [37m....[36m¥Û«®[m               [1;37mo[m
    [37m......[m     [1;32m###[m
[37m.....[m          [1;32m##[m                                [1;37mo[m   [1;37mo[m
                                                         [1;37mo[m

                [37m..[36m§f§º[m                                         [1;37mo[m
                  [37m..[m                                                [1;37mo[m
                   [37m.[m                                                      [1;37mo[m

[1;33mùþùþùþùþùþùþùþùþ[1;30m  ²Ä8¹õ/8  8-4 -----------------------------------------------[m
[1;37m¤è¦V±qÀY¨ì§À¥u¦³¤@­Ó¡G¦è¡C[m
[1;37m[m
[1;30m®ð¶H¡G·í®É¥D¬y¹w³ø¬°´Â®ý¦¿ªu©¤¤è¦V«e¶i¡]«Dºë½Tµn³°ÂI¹w³ø¡^¡C[m


